------------------------------------------------------------
TimeQuest Timing Analyzer Summary
------------------------------------------------------------

Type  : Slow 1200mV 85C Model Setup 'DE2_115_SOPC_inst|the_pll|sd1|pll7|clk[3]'
Slack : -1.957
TNS   : -43.310

Type  : Slow 1200mV 85C Model Setup 'DE2_115_SOPC_inst|the_pll|sd1|pll7|clk[0]'
Slack : 0.063
TNS   : 0.000

Type  : Slow 1200mV 85C Model Setup 'CLOCK_50'
Slack : 17.819
TNS   : 0.000

Type  : Slow 1200mV 85C Model Setup 'DE2_115_SOPC_inst|the_pll|sd1|pll7|clk[2]'
Slack : 42.569
TNS   : 0.000

Type  : Slow 1200mV 85C Model Setup 'altera_reserved_tck'
Slack : 45.519
TNS   : 0.000

Type  : Slow 1200mV 85C Model Hold 'DE2_115_SOPC_inst|the_pll|sd1|pll7|clk[0]'
Slack : 0.364
TNS   : 0.000

Type  : Slow 1200mV 85C Model Hold 'CLOCK_50'
Slack : 0.365
TNS   : 0.000

Type  : Slow 1200mV 85C Model Hold 'DE2_115_SOPC_inst|the_pll|sd1|pll7|clk[2]'
Slack : 0.365
TNS   : 0.000

Type  : Slow 1200mV 85C Model Hold 'DE2_115_SOPC_inst|the_pll|sd1|pll7|clk[3]'
Slack : 0.384
TNS   : 0.000

Type  : Slow 1200mV 85C Model Hold 'altera_reserved_tck'
Slack : 0.384
TNS   : 0.000

Type  : Slow 1200mV 85C Model Recovery 'DE2_115_SOPC_inst|the_pll|sd1|pll7|clk[0]'
Slack : 1.442
TNS   : 0.000

Type  : Slow 1200mV 85C Model Recovery 'DE2_115_SOPC_inst|the_pll|sd1|pll7|clk[2]'
Slack : 5.734
TNS   : 0.000

Type  : Slow 1200mV 85C Model Recovery 'DE2_115_SOPC_inst|the_pll|sd1|pll7|clk[3]'
Slack : 6.351
TNS   : 0.000

Type  : Slow 1200mV 85C Model Recovery 'CLOCK_50'
Slack : 8.549
TNS   : 0.000

Type  : Slow 1200mV 85C Model Recovery 'altera_reserved_tck'
Slack : 47.729
TNS   : 0.000

Type  : Slow 1200mV 85C Model Removal 'CLOCK_50'
Slack : 0.280
TNS   : 0.000

Type  : Slow 1200mV 85C Model Removal 'altera_reserved_tck'
Slack : 0.995
TNS   : 0.000

Type  : Slow 1200mV 85C Model Removal 'DE2_115_SOPC_inst|the_pll|sd1|pll7|clk[0]'
Slack : 2.179
TNS   : 0.000

Type  : Slow 1200mV 85C Model Removal 'DE2_115_SOPC_inst|the_pll|sd1|pll7|clk[3]'
Slack : 2.340
TNS   : 0.000

Type  : Slow 1200mV 85C Model Removal 'DE2_115_SOPC_inst|the_pll|sd1|pll7|clk[2]'
Slack : 2.351
TNS   : 0.000

Type  : Slow 1200mV 85C Model Minimum Pulse Width 'DE2_115_SOPC_inst|the_pll|sd1|pll7|clk[0]'
Slack : 4.614
TNS   : 0.000

Type  : Slow 1200mV 85C Model Minimum Pulse Width 'CLOCK_50'
Slack : 9.684
TNS   : 0.000

Type  : Slow 1200mV 85C Model Minimum Pulse Width 'CLOCK2_50'
Slack : 16.000
TNS   : 0.000

Type  : Slow 1200mV 85C Model Minimum Pulse Width 'CLOCK3_50'
Slack : 16.000
TNS   : 0.000

Type  : Slow 1200mV 85C Model Minimum Pulse Width 'DE2_115_SOPC_inst|the_pll|sd1|pll7|clk[3]'
Slack : 19.703
TNS   : 0.000

Type  : Slow 1200mV 85C Model Minimum Pulse Width 'DE2_115_SOPC_inst|the_pll|sd1|pll7|clk[2]'
Slack : 49.696
TNS   : 0.000

Type  : Slow 1200mV 85C Model Minimum Pulse Width 'altera_reserved_tck'
Slack : 49.729
TNS   : 0.000

Type  : Slow 1200mV 0C Model Setup 'DE2_115_SOPC_inst|the_pll|sd1|pll7|clk[3]'
Slack : -1.328
TNS   : -28.372

Type  : Slow 1200mV 0C Model Setup 'DE2_115_SOPC_inst|the_pll|sd1|pll7|clk[0]'
Slack : 0.431
TNS   : 0.000

Type  : Slow 1200mV 0C Model Setup 'CLOCK_50'
Slack : 17.993
TNS   : 0.000

Type  : Slow 1200mV 0C Model Setup 'DE2_115_SOPC_inst|the_pll|sd1|pll7|clk[2]'
Slack : 43.149
TNS   : 0.000

Type  : Slow 1200mV 0C Model Setup 'altera_reserved_tck'
Slack : 46.044
TNS   : 0.000

Type  : Slow 1200mV 0C Model Hold 'DE2_115_SOPC_inst|the_pll|sd1|pll7|clk[0]'
Slack : 0.316
TNS   : 0.000

Type  : Slow 1200mV 0C Model Hold 'DE2_115_SOPC_inst|the_pll|sd1|pll7|clk[2]'
Slack : 0.316
TNS   : 0.000

Type  : Slow 1200mV 0C Model Hold 'CLOCK_50'
Slack : 0.318
TNS   : 0.000

Type  : Slow 1200mV 0C Model Hold 'DE2_115_SOPC_inst|the_pll|sd1|pll7|clk[3]'
Slack : 0.334
TNS   : 0.000

Type  : Slow 1200mV 0C Model Hold 'altera_reserved_tck'
Slack : 0.335
TNS   : 0.000

Type  : Slow 1200mV 0C Model Recovery 'DE2_115_SOPC_inst|the_pll|sd1|pll7|clk[0]'
Slack : 1.823
TNS   : 0.000

Type  : Slow 1200mV 0C Model Recovery 'DE2_115_SOPC_inst|the_pll|sd1|pll7|clk[2]'
Slack : 6.055
TNS   : 0.000

Type  : Slow 1200mV 0C Model Recovery 'DE2_115_SOPC_inst|the_pll|sd1|pll7|clk[3]'
Slack : 6.744
TNS   : 0.000

Type  : Slow 1200mV 0C Model Recovery 'CLOCK_50'
Slack : 8.500
TNS   : 0.000

Type  : Slow 1200mV 0C Model Recovery 'altera_reserved_tck'
Slack : 48.095
TNS   : 0.000

Type  : Slow 1200mV 0C Model Removal 'CLOCK_50'
Slack : 0.323
TNS   : 0.000

Type  : Slow 1200mV 0C Model Removal 'altera_reserved_tck'
Slack : 0.902
TNS   : 0.000

Type  : Slow 1200mV 0C Model Removal 'DE2_115_SOPC_inst|the_pll|sd1|pll7|clk[0]'
Slack : 1.996
TNS   : 0.000

Type  : Slow 1200mV 0C Model Removal 'DE2_115_SOPC_inst|the_pll|sd1|pll7|clk[3]'
Slack : 2.085
TNS   : 0.000

Type  : Slow 1200mV 0C Model Removal 'DE2_115_SOPC_inst|the_pll|sd1|pll7|clk[2]'
Slack : 2.095
TNS   : 0.000

Type  : Slow 1200mV 0C Model Minimum Pulse Width 'DE2_115_SOPC_inst|the_pll|sd1|pll7|clk[0]'
Slack : 4.650
TNS   : 0.000

Type  : Slow 1200mV 0C Model Minimum Pulse Width 'CLOCK_50'
Slack : 9.691
TNS   : 0.000

Type  : Slow 1200mV 0C Model Minimum Pulse Width 'CLOCK2_50'
Slack : 16.000
TNS   : 0.000

Type  : Slow 1200mV 0C Model Minimum Pulse Width 'CLOCK3_50'
Slack : 16.000
TNS   : 0.000

Type  : Slow 1200mV 0C Model Minimum Pulse Width 'DE2_115_SOPC_inst|the_pll|sd1|pll7|clk[3]'
Slack : 19.693
TNS   : 0.000

Type  : Slow 1200mV 0C Model Minimum Pulse Width 'altera_reserved_tck'
Slack : 49.612
TNS   : 0.000

Type  : Slow 1200mV 0C Model Minimum Pulse Width 'DE2_115_SOPC_inst|the_pll|sd1|pll7|clk[2]'
Slack : 49.688
TNS   : 0.000

Type  : Fast 1200mV 0C Model Setup 'DE2_115_SOPC_inst|the_pll|sd1|pll7|clk[3]'
Slack : 1.543
TNS   : 0.000

Type  : Fast 1200mV 0C Model Setup 'DE2_115_SOPC_inst|the_pll|sd1|pll7|clk[0]'
Slack : 2.606
TNS   : 0.000

Type  : Fast 1200mV 0C Model Setup 'CLOCK_50'
Slack : 18.924
TNS   : 0.000

Type  : Fast 1200mV 0C Model Setup 'DE2_115_SOPC_inst|the_pll|sd1|pll7|clk[2]'
Slack : 46.232
TNS   : 0.000

Type  : Fast 1200mV 0C Model Setup 'altera_reserved_tck'
Slack : 48.027
TNS   : 0.000

Type  : Fast 1200mV 0C Model Hold 'DE2_115_SOPC_inst|the_pll|sd1|pll7|clk[0]'
Slack : 0.152
TNS   : 0.000

Type  : Fast 1200mV 0C Model Hold 'CLOCK_50'
Slack : 0.153
TNS   : 0.000

Type  : Fast 1200mV 0C Model Hold 'DE2_115_SOPC_inst|the_pll|sd1|pll7|clk[2]'
Slack : 0.153
TNS   : 0.000

Type  : Fast 1200mV 0C Model Hold 'DE2_115_SOPC_inst|the_pll|sd1|pll7|clk[3]'
Slack : 0.161
TNS   : 0.000

Type  : Fast 1200mV 0C Model Hold 'altera_reserved_tck'
Slack : 0.161
TNS   : 0.000

Type  : Fast 1200mV 0C Model Recovery 'DE2_115_SOPC_inst|the_pll|sd1|pll7|clk[0]'
Slack : 3.119
TNS   : 0.000

Type  : Fast 1200mV 0C Model Recovery 'DE2_115_SOPC_inst|the_pll|sd1|pll7|clk[2]'
Slack : 7.729
TNS   : 0.000

Type  : Fast 1200mV 0C Model Recovery 'DE2_115_SOPC_inst|the_pll|sd1|pll7|clk[3]'
Slack : 8.053
TNS   : 0.000

Type  : Fast 1200mV 0C Model Recovery 'CLOCK_50'
Slack : 9.249
TNS   : 0.000

Type  : Fast 1200mV 0C Model Recovery 'altera_reserved_tck'
Slack : 49.104
TNS   : 0.000

Type  : Fast 1200mV 0C Model Removal 'CLOCK_50'
Slack : -0.094
TNS   : -0.188

Type  : Fast 1200mV 0C Model Removal 'altera_reserved_tck'
Slack : 0.462
TNS   : 0.000

Type  : Fast 1200mV 0C Model Removal 'DE2_115_SOPC_inst|the_pll|sd1|pll7|clk[0]'
Slack : 1.011
TNS   : 0.000

Type  : Fast 1200mV 0C Model Removal 'DE2_115_SOPC_inst|the_pll|sd1|pll7|clk[3]'
Slack : 1.200
TNS   : 0.000

Type  : Fast 1200mV 0C Model Removal 'DE2_115_SOPC_inst|the_pll|sd1|pll7|clk[2]'
Slack : 1.251
TNS   : 0.000

Type  : Fast 1200mV 0C Model Minimum Pulse Width 'DE2_115_SOPC_inst|the_pll|sd1|pll7|clk[0]'
Slack : 4.746
TNS   : 0.000

Type  : Fast 1200mV 0C Model Minimum Pulse Width 'CLOCK_50'
Slack : 9.245
TNS   : 0.000

Type  : Fast 1200mV 0C Model Minimum Pulse Width 'CLOCK2_50'
Slack : 16.000
TNS   : 0.000

Type  : Fast 1200mV 0C Model Minimum Pulse Width 'CLOCK3_50'
Slack : 16.000
TNS   : 0.000

Type  : Fast 1200mV 0C Model Minimum Pulse Width 'DE2_115_SOPC_inst|the_pll|sd1|pll7|clk[3]'
Slack : 19.746
TNS   : 0.000

Type  : Fast 1200mV 0C Model Minimum Pulse Width 'altera_reserved_tck'
Slack : 49.448
TNS   : 0.000

Type  : Fast 1200mV 0C Model Minimum Pulse Width 'DE2_115_SOPC_inst|the_pll|sd1|pll7|clk[2]'
Slack : 49.751
TNS   : 0.000

------------------------------------------------------------
