------------------------------------------------------------
TimeQuest Timing Analyzer Summary
------------------------------------------------------------

Type  : Slow 1200mV 85C Model Setup 'CLOCK_50'
Slack : -15.615
TNS   : -113.485

Type  : Slow 1200mV 85C Model Setup 'new_clock[0]'
Slack : -7.890
TNS   : -599.701

Type  : Slow 1200mV 85C Model Hold 'new_clock[0]'
Slack : -1.474
TNS   : -60.220

Type  : Slow 1200mV 85C Model Hold 'CLOCK_50'
Slack : 0.124
TNS   : 0.000

Type  : Slow 1200mV 85C Model Recovery 'new_clock[0]'
Slack : 0.448
TNS   : 0.000

Type  : Slow 1200mV 85C Model Removal 'new_clock[0]'
Slack : -1.263
TNS   : -21.650

Type  : Slow 1200mV 85C Model Minimum Pulse Width 'SW[16]'
Slack : -3.241
TNS   : -4110.889

Type  : Slow 1200mV 85C Model Minimum Pulse Width 'CLOCK_50'
Slack : -3.000
TNS   : -53.115

Type  : Slow 1200mV 85C Model Minimum Pulse Width 'new_clock[0]'
Slack : -1.285
TNS   : -188.895

Type  : Slow 1200mV 0C Model Setup 'CLOCK_50'
Slack : -13.940
TNS   : -101.096

Type  : Slow 1200mV 0C Model Setup 'new_clock[0]'
Slack : -6.841
TNS   : -531.807

Type  : Slow 1200mV 0C Model Hold 'new_clock[0]'
Slack : -1.462
TNS   : -59.454

Type  : Slow 1200mV 0C Model Hold 'CLOCK_50'
Slack : 0.141
TNS   : 0.000

Type  : Slow 1200mV 0C Model Recovery 'new_clock[0]'
Slack : 0.411
TNS   : 0.000

Type  : Slow 1200mV 0C Model Removal 'new_clock[0]'
Slack : -1.271
TNS   : -22.750

Type  : Slow 1200mV 0C Model Minimum Pulse Width 'SW[16]'
Slack : -3.000
TNS   : -3588.974

Type  : Slow 1200mV 0C Model Minimum Pulse Width 'CLOCK_50'
Slack : -3.000
TNS   : -53.115

Type  : Slow 1200mV 0C Model Minimum Pulse Width 'new_clock[0]'
Slack : -1.285
TNS   : -188.895

Type  : Fast 1200mV 0C Model Setup 'CLOCK_50'
Slack : -8.198
TNS   : -39.339

Type  : Fast 1200mV 0C Model Setup 'new_clock[0]'
Slack : -4.169
TNS   : -245.701

Type  : Fast 1200mV 0C Model Hold 'new_clock[0]'
Slack : -0.460
TNS   : -13.486

Type  : Fast 1200mV 0C Model Hold 'CLOCK_50'
Slack : -0.066
TNS   : -0.129

Type  : Fast 1200mV 0C Model Recovery 'new_clock[0]'
Slack : 0.297
TNS   : 0.000

Type  : Fast 1200mV 0C Model Removal 'new_clock[0]'
Slack : -0.119
TNS   : -0.238

Type  : Fast 1200mV 0C Model Minimum Pulse Width 'SW[16]'
Slack : -3.000
TNS   : -1657.314

Type  : Fast 1200mV 0C Model Minimum Pulse Width 'CLOCK_50'
Slack : -3.000
TNS   : -49.358

Type  : Fast 1200mV 0C Model Minimum Pulse Width 'new_clock[0]'
Slack : -1.000
TNS   : -147.000

------------------------------------------------------------
